// Jest Snapshot v1, https://goo.gl/fbAQLP

exports[`renders the whole page unchanged 1`] = `
<div>
  <div
    class="shell"
  >
    <nav
      aria-label="Main"
      class="rail"
      data-testid="navigation"
    >
      <a
        aria-label="Tania Papazafeiropoulou, home"
        class="brand"
        href="/"
      >
        <span
          aria-hidden="true"
          class="avatar"
        />
        tania
      </a>
      <ul
        class="links"
      >
        <li>
          <a
            aria-current="page"
            class="active"
            href="/"
          >
            home
          </a>
        </li>
        <li>
          <a
            href="/work"
          >
            work
          </a>
        </li>
        <li>
          <a
            href="/blog"
          >
            blog
          </a>
        </li>
        <li>
          <a
            href="/cv"
          >
            cv
          </a>
        </li>
        <li>
          <a
            href="/about"
          >
            about
          </a>
        </li>
      </ul>
      <span
        class="grow"
      />
      <button
        aria-label="Switch to dark mode"
        class="themeToggle"
        title="Switch to dark mode"
        type="button"
      >
        ◐ 
        light
      </button>
      <div
        class="foot"
      >
        <a
          href="http://www.linkedin.com/in/taniapapazaf"
          target="_linkedin"
          title="Linkedin profile - in/taniapapazaf"
        >
          linkedin
        </a>
         · 
        <a
          href="http://www.github.com/altany"
          target="_github"
          title="Github profile - altany"
        >
          github
        </a>
         · 
        <a
          href="https://twitter.com/_Tany_"
          target="_twitter"
          title="Twitter profile - @_Tany_"
        >
          twitter
        </a>
        <br />
        <a
          href="mailto:hello@tany4.com"
          title="Email - hello@tany4.com"
        >
          hello@tany4.com
        </a>
      </div>
    </nav>
    <main
      class="main"
    >
      <div
        class="split"
      >
        <section
          class="pane"
        >
          <div
            class="kicker"
          >
            Senior Front-End & Mobile Engineer
          </div>
          <h1
            class="title"
          >
            Hi, I'm Tania. 
            <span>
              I've been building web and mobile apps for 13 years.
            </span>
          </h1>
          <p
            class="lede"
          >
            I've shipped apps to millions of users, led complex migrations, and collaborated with engineers to deliver at scale.
          </p>
          <div
            aria-label="What drives me"
            class="term"
          >
            <div>
              <span
                class="prompt"
              >
                tania@tany4
              </span>
               ~ % cat what-drives-me.txt
            </div>
            <div>
              <span
                class="mark"
              >
                ›
              </span>
               
              Shipping products that make a real difference
            </div>
            <div>
              <span
                class="mark"
              >
                ›
              </span>
               
              Making complex things simple for users and developers alike
            </div>
            <div>
              <span
                class="mark"
              >
                ›
              </span>
               
              Accessibility as a baseline, not an afterthought
            </div>
            <div>
              <span
                class="mark"
              >
                ›
              </span>
               
              Using AI tools to work smarter, not just faster
            </div>
            <div>
              <span
                class="prompt"
              >
                tania@tany4
              </span>
               ~ % 
              <span
                class="caret"
              />
            </div>
          </div>
          <p
            class="lede inline"
          >
            I've shared my experience at 
            <a
              href="/blog/posts/react-conf-2019"
            >
              React Conf 2019
            </a>
             and
             
            <a
              href="/blog/posts/jsvidcon-2020"
            >
              JS VidCon 2020
            </a>
            , talking about building and scaling the Olio app from scratch.
          </p>
          <div
            class="buttons"
          >
            <a
              class="button primary"
              href="/work"
            >
              see my work
            </a>
            <a
              class="button"
              href="/TaniaPapazafeiropoulou-CV.pdf?version=21092026"
              rel="noopener noreferrer"
              target="_cv"
            >
              ↓ download cv
            </a>
          </div>
        </section>
        <aside
          class="pane side"
        >
          <div
            class="sticky"
          >
            <div
              class="label"
            >
              Latest posts
            </div>
            <ul
              class="rows"
            />
            <a
              class="more"
              href="/blog"
            >
              all posts →
            </a>
          </div>
        </aside>
      </div>
    </main>
  </div>
</div>
`;
