// Jest Snapshot v1, https://goo.gl/fbAQLP

exports[`renders the work page unchanged 1`] = `
<div>
  <div
    class="shell"
  >
    <nav
      aria-label="Main"
      class="rail"
      data-testid="navigation"
    >
      <a
        aria-label="Tania Papazafeiropoulou, home"
        class="brand"
        href="/"
      >
        <span
          aria-hidden="true"
          class="avatar"
        />
        tania
      </a>
      <ul
        class="links"
      >
        <li>
          <a
            href="/"
          >
            home
          </a>
        </li>
        <li>
          <a
            aria-current="page"
            class="active"
            href="/work"
          >
            work
          </a>
        </li>
        <li>
          <a
            href="/blog"
          >
            blog
          </a>
        </li>
        <li>
          <a
            href="/cv"
          >
            cv
          </a>
        </li>
        <li>
          <a
            href="/about"
          >
            about
          </a>
        </li>
      </ul>
      <span
        class="grow"
      />
      <button
        aria-label="Switch to dark mode"
        class="themeToggle"
        title="Switch to dark mode"
        type="button"
      >
        ◐ 
        light
      </button>
      <div
        class="foot"
      >
        <a
          href="http://www.linkedin.com/in/taniapapazaf"
          target="_linkedin"
          title="Linkedin profile - in/taniapapazaf"
        >
          linkedin
        </a>
         · 
        <a
          href="http://www.github.com/altany"
          target="_github"
          title="Github profile - altany"
        >
          github
        </a>
         · 
        <a
          href="https://twitter.com/_Tany_"
          target="_twitter"
          title="Twitter profile - @_Tany_"
        >
          twitter
        </a>
        <br />
        <a
          href="mailto:hello@tany4.com"
          title="Email - hello@tany4.com"
        >
          hello@tany4.com
        </a>
      </div>
    </nav>
    <main
      class="main"
    >
      <div
        class="split"
      >
        <section
          class="pane"
        >
          <h1
            class="title"
          >
            My work
          </h1>
          <p
            class="lede"
          >
            Selected projects, most recent first.
          </p>
          <article
            class="card"
            id="r1"
          >
            <span
              class="cardMeta"
            >
              The Ready Collective · Senior Mobile Engineer · 2026– · React Native, Expo, TypeScript, Node.js
            </span>
            <h3>
              Ready First (R1)
            </h3>
            <p>
              A readiness app for youth athletes aged 6 to 17, used by families and coaches. Parents do simple daily check-ins, and R1 turns them into a daily readiness signal (Rebuilding, Rising or Ready) across Mind, Body and Energy, with guidance on movement, confidence and recovery.
            </p>
            <p>
              I joined the live app in May 2026 and work across the React Native app and the Node.js backend.
            </p>
            <div
              class="buttons"
            >
              <a
                class="button"
                href="https://apps.apple.com/us/app/youth-ready-first-r1/id6761061980"
                rel="noopener noreferrer"
                target="_store"
              >
                App Store
              </a>
              <a
                class="button"
                href="https://play.google.com/store/apps/details?id=org.readycollective.r1methodapp"
                rel="noopener noreferrer"
                target="_store"
              >
                ▶ Google Play
              </a>
            </div>
            <ul
              class="bullets"
            >
              <li>
                Built food logging. Athletes log what they eat and each food gets one of three ratings, never calories or macros, because the users are children. Behind it: a classification pipeline, a food catalogue mirrored into Postgres with nightly syncs, and an LLM step that reads a label into its ingredients, with its cost per request capped and logged.
              </li>
              <li>
                Designed the feature-flag system. Risky changes ship dark behind a flag declared per environment in the backend repo, so turning one on is a reviewed commit. The app never keeps its own flags: an endpoint returns 404 when its flag is off, and the app hides that screen.
              </li>
              <li>
                Built the zone engines for Mind and Energy. An athlete's zone moves on what they actually do over rolling windows, like logging and completed sessions, not on how they rate themselves. Most of the work was reconciling the spec, the founder's decisions and code that had drifted from both.
              </li>
              <li>
                Built most of R1 Now, the free tools a family can use before starting the programme. It's the first screen every new account sees. I also extended the browser preview mode we use to demo the app without a phone.
              </li>
              <li>
                Built the backend for sharing a child with a second parent and a coach, where access follows the child, not whoever pays. It shipped behind a flag with a staged rollout, because it changes who can see a child's data.
              </li>
              <li>
                Built the daily check-in reminder and the welcome-back flow for athletes who've been away. Reminders never show a child's name on a lock screen.
              </li>
              <li>
                Wrote the release smoke-test protocol and the iOS simulator setup that runs it. Before each release it checks every stored record against the database.
              </li>
            </ul>
          </article>
          <article
            class="card"
            id="collections"
          >
            <span
              class="cardMeta"
            >
              Olio · Tech lead, sole front-end engineer · 2025 · React, TypeScript
            </span>
            <h3>
              Collection re-architecture
            </h3>
            <ul
              class="bullets"
            >
              <li>
                Volunteers pick up surplus food from stores in timeslots set by each business. The scheduling system behind this was 10 years old, and small changes kept breaking things.
              </li>
              <li>
                With the backend tech lead, I documented how it actually behaved before changing it, then migrated it in production in small steps, behind feature flags with one-click rollback.
              </li>
              <li>
                Rolled out over about two weeks with no disruption to volunteers. Two long-standing bugs that caused support tickets every week are gone.
              </li>
              <li>
                Added E2E tests for core flows that had none. The charity work that followed became a small change instead of a rewrite.
              </li>
            </ul>
          </article>
          <article
            class="card"
            id="consumer-app"
          >
            <span
              class="cardMeta"
            >
              Olio · Core contributor, release owner · 2018–2025 · React Native, TypeScript
            </span>
            <h3>
              Olio React Native consumer app
            </h3>
            <ul
              class="bullets"
            >
              <li>
                One of the first front-end engineers on the React Native app. We shipped the MVP in 3 months with a small team.
              </li>
              <li>
                Ran the App Store and Google Play releases from 2021 to 2025, coordinating with product, QA and backend.
              </li>
              <li>
                Made map markers and clusters re-render only when their data changes, which fixed slow list and map views.
              </li>
              <li>
                Kept React Native current across major version upgrades.
              </li>
            </ul>
          </article>
          <article
            class="card"
            id="volunteers"
          >
            <span
              class="cardMeta"
            >
              Olio · Key architect · 2019–2025 · React, TypeScript
            </span>
            <h3>
              Volunteer platform
            </h3>
            <ul
              class="bullets"
            >
              <li>
                Moved the platform from Rails views to a React SPA, setting up routing, navigation, configuration and linting from scratch. Thousands of volunteers moved over without major issues.
              </li>
              <li>
                Extended it from Olio volunteers to charity volunteers, with their own collection flows.
              </li>
            </ul>
          </article>
          <article
            class="card"
            id="partners"
          >
            <span
              class="cardMeta"
            >
              Olio · Front-End Tech Lead · 2023–2026 · React, TypeScript
            </span>
            <h3>
              Partner tools
            </h3>
            <ul
              class="bullets"
            >
              <li>
                Built Tomorrow's Collections, which shows next-day pickups with windows that differ per business. I kept the timing rules explicit instead of hardcoding them, so later changes stayed small.
              </li>
              <li>
                Redesigned the store confirmation flow on my own, mostly in the partner tools and partly across the other platforms. Issue reports dropped by about 90%.
              </li>
              <li>
                Led internationalisation: moved date and time handling to Luxon, added Chinese, and set up translation syncing with Loco.
              </li>
              <li>
                Mentored mid-level engineers through pairing and code review.
              </li>
            </ul>
          </article>
          <article
            class="card"
            id="prototypes"
          >
            <span
              class="cardMeta"
            >
              Olio · Hackathons & discovery · React, React Native, AI tooling
            </span>
            <h3>
              Prototypes
            </h3>
            <ul
              class="bullets"
            >
              <li>
                An early partner platform concept that fed into the Sainsbury's trial, and an AI-assisted appointment planner.
              </li>
            </ul>
          </article>
          <h2
            class="heading"
            id="how-i-work"
          >
            How I work as a tech lead
          </h2>
          <div
            class="prose"
          >
            <p>
              I aim to keep the front-end simple, predictable and well-tested. I am a fan of small PRs, clear written communication, and being honest about the trade-offs between speed, quality and complexity.
            </p>
            <p>
              I enjoy pairing, mentoring, and working closely with back-end and design to find solutions that make sense technically and still feel good to use. I'm also comfortable talking with non-technical stakeholders and explaining technical considerations in a straightforward way, without making promises we can't keep.
            </p>
          </div>
        </section>
        <aside
          class="pane side"
        >
          <div
            class="sticky"
          >
            <div
              class="label"
            >
              Outline
            </div>
            <ul
              class="outline"
            >
              <li>
                <a
                  href="#r1"
                >
                  Ready First (R1)
                </a>
              </li>
              <li>
                <a
                  href="#collections"
                >
                  Collection re-architecture
                </a>
              </li>
              <li>
                <a
                  href="#consumer-app"
                >
                  Olio React Native consumer app
                </a>
              </li>
              <li>
                <a
                  href="#volunteers"
                >
                  Volunteer platform
                </a>
              </li>
              <li>
                <a
                  href="#partners"
                >
                  Partner tools
                </a>
              </li>
              <li>
                <a
                  href="#prototypes"
                >
                  Prototypes
                </a>
              </li>
              <li>
                <a
                  aria-current="location"
                  class="outlineOn"
                  href="#how-i-work"
                >
                  How I work as a tech lead
                </a>
              </li>
            </ul>
            <div
              class="label"
            >
              Talks
            </div>
            <ul
              class="rows"
            >
              <li>
                <a
                  href="/blog/posts/react-conf-2019"
                >
                  <span
                    class="rowTitle"
                  >
                    Using React Native to save the world
                  </span>
                  <span
                    class="rowMeta"
                  >
                    React Conf 2019 · JS VidCon 2020
                  </span>
                </a>
              </li>
            </ul>
            <div
              class="label spaced"
            >
              Elsewhere
            </div>
            <ul
              class="kv"
            >
              <li>
                <span>
                  github
                </span>
                <a
                  href="http://www.github.com/altany"
                  target="_github"
                >
                  altany
                </a>
              </li>
              <li>
                <span>
                  gitlab
                </span>
                <a
                  href="https://gitlab.com/brief-challenges"
                  target="_gitlab"
                >
                  altany
                </a>
              </li>
              <li>
                <span>
                  linkedin
                </span>
                <a
                  href="http://www.linkedin.com/in/taniapapazaf"
                  target="_linkedin"
                >
                  /taniapapazaf
                </a>
              </li>
              <li>
                <span>
                  twitter
                </span>
                <a
                  href="https://twitter.com/_Tany_"
                  target="_twitter"
                >
                  @_Tany_
                </a>
              </li>
              <li>
                <span>
                  codewars
                </span>
                <a
                  href="https://www.codewars.com/users/altany"
                  target="_codewars"
                >
                  altany
                </a>
              </li>
            </ul>
          </div>
        </aside>
      </div>
    </main>
  </div>
</div>
`;
